// Vitest Snapshot v1, https://vitest.dev/guide/snapshot.html

exports[`Header > mount matches snapshot with expected values 1`] = `"<div data-v-56b94790="" class="traction-footer flex justify-content-end p-2 pr-3">2025Â© DigiCred Holdings</div>"`;
